warning: The `fitz` API is deprecated and will be removed in future. Use `import pymupdf` instead.
[32m2026-08-25 12:40:35.323[0m | [1mINFO    [0m | [36mpedibot.ingest.pipeline[0m:[36mrun_ingest[0m:[36m147[0m - [1m1_alteraciones.pdf → 3 chunks (ok)[0m
[32m2026-08-25 12:40:35.353[0m | [1mINFO    [0m | [36mpedibot.ingest.pipeline[0m:[36mrun_ingest[0m:[36m147[0m - [1m2_Anafilaxia.pdf → 2 chunks (ok)[0m
[32m2026-08-25 12:40:35.372[0m | [1mINFO    [0m | [36mpedibot.ingest.pipeline[0m:[36mrun_ingest[0m:[36m147[0m - [1m3_Ansiedad.pdf → 5 chunks (ok)[0m
[32m2026-08-25 12:40:35.392[0m | [1mINFO    [0m | [36mpedibot.ingest.pipeline[0m:[36mrun_ingest[0m:[36m147[0m - [1m4_Bronquiolitis.pdf → 7 chunks (ok)[0m
[32m2026-08-25 12:40:35.419[0m | [1mINFO    [0m | [36mpedibot.ingest.pipeline[0m:[36mrun_ingest[0m:[36m147[0m - [1m5_Catarro.pdf → 4 chunks (ok)[0m
[32m2026-08-25 12:40:35.436[0m | [1mINFO    [0m | [36mpedibot.ingest.pipeline[0m:[36mrun_ingest[0m:[36m147[0m - [1m6_Cefalea.pdf → 7 chunks (ok)[0m
[32m2026-08-25 12:40:35.466[0m | [1mINFO    [0m | [36mpedibot.ingest.pipeline[0m:[36mrun_ingest[0m:[36m147[0m - [1m7_Colico.pdf → 7 chunks (ok)[0m
[32m2026-08-25 12:40:35.486[0m | [1mINFO    [0m | [36mpedibot.ingest.pipeline[0m:[36mrun_ingest[0m:[36m147[0m - [1m8_Autolesiva.pdf → 5 chunks (ok)[0m
[32m2026-08-25 12:40:35.510[0m | [1mINFO    [0m | [36mpedibot.ingest.pipeline[0m:[36mrun_ingest[0m:[36m147[0m - [1m9_Suicida.pdf → 5 chunks (ok)[0m
[32m2026-08-25 12:40:35.532[0m | [1mINFO    [0m | [36mpedibot.ingest.pipeline[0m:[36mrun_ingest[0m:[36m147[0m - [1m10_Convulsion.pdf → 2 chunks (ok)[0m
[32m2026-08-25 12:40:35.562[0m | [1mINFO    [0m | [36mpedibot.ingest.pipeline[0m:[36mrun_ingest[0m:[36m147[0m - [1m11_Crisisasma.pdf → 6 chunks (ok)[0m
[32m2026-08-25 12:40:35.584[0m | [1mINFO    [0m | [36mpedibot.ingest.pipeline[0m:[36mrun_ingest[0m:[36m147[0m - [1m12_Dolorabdominal.pdf → 7 chunks (ok)[0m
[32m2026-08-25 12:40:35.602[0m | [1mINFO    [0m | [36mpedibot.ingest.pipeline[0m:[36mrun_ingest[0m:[36m147[0m - [1m13_Sollozos.pdf → 4 chunks (ok)[0m
[32m2026-08-25 12:40:35.633[0m | [1mINFO    [0m | [36mpedibot.ingest.pipeline[0m:[36mrun_ingest[0m:[36m147[0m - [1m14_Estreñimiento.pdf → 4 chunks (ok)[0m
[32m2026-08-25 12:40:35.665[0m | [1mINFO    [0m | [36mpedibot.ingest.pipeline[0m:[36mrun_ingest[0m:[36m147[0m - [1m15_Fiebre.pdf → 6 chunks (ok)[0m
[32m2026-08-25 12:40:35.694[0m | [1mINFO    [0m | [36mpedibot.ingest.pipeline[0m:[36mrun_ingest[0m:[36m147[0m - [1m16_Gastroente.pdf → 3 chunks (ok)[0m
[32m2026-08-25 12:40:35.722[0m | [1mINFO    [0m | [36mpedibot.ingest.pipeline[0m:[36mrun_ingest[0m:[36m147[0m - [1m17_Golpecalor.pdf → 4 chunks (ok)[0m
[32m2026-08-25 12:40:35.763[0m | [1mINFO    [0m | [36mpedibot.ingest.pipeline[0m:[36mrun_ingest[0m:[36m147[0m - [1m18_Intoxicacion.pdf → 3 chunks (ok)[0m
[32m2026-08-25 12:40:35.788[0m | [1mINFO    [0m | [36mpedibot.ingest.pipeline[0m:[36mrun_ingest[0m:[36m147[0m - [1m19_Laringitis.pdf → 5 chunks (ok)[0m
[32m2026-08-25 12:40:35.818[0m | [1mINFO    [0m | [36mpedibot.ingest.pipeline[0m:[36mrun_ingest[0m:[36m147[0m - [1m20_Neumonia.pdf → 7 chunks (ok)[0m
[32m2026-08-25 12:40:35.839[0m | [1mINFO    [0m | [36mpedibot.ingest.pipeline[0m:[36mrun_ingest[0m:[36m147[0m - [1m21_Otitis_media.pdf → 5 chunks (ok)[0m
[32m2026-08-25 12:40:35.863[0m | [1mINFO    [0m | [36mpedibot.ingest.pipeline[0m:[36mrun_ingest[0m:[36m147[0m - [1m22_Sincope.pdf → 5 chunks (ok)[0m
[32m2026-08-25 12:40:35.885[0m | [1mINFO    [0m | [36mpedibot.ingest.pipeline[0m:[36mrun_ingest[0m:[36m147[0m - [1m23_GuiaConductaaliment.pdf → 7 chunks (ok)[0m
[32m2026-08-25 12:40:35.966[0m | [1mINFO    [0m | [36mpedibot.ingest.pipeline[0m:[36mrun_ingest[0m:[36m147[0m - [1m24_Traumatismo-craneal_nueva.pdf → 5 chunks (ok)[0m
[32m2026-08-25 12:40:35.986[0m | [1mINFO    [0m | [36mpedibot.ingest.pipeline[0m:[36mrun_ingest[0m:[36m147[0m - [1m25_Urticaria.pdf → 3 chunks (ok)[0m
[32m2026-08-25 12:40:36.013[0m | [1mINFO    [0m | [36mpedibot.ingest.pipeline[0m:[36mrun_ingest[0m:[36m147[0m - [1m26_Procedimientos.pdf → 8 chunks (ok)[0m
[32m2026-08-25 12:40:36.040[0m | [1mINFO    [0m | [36mpedibot.ingest.pipeline[0m:[36mrun_ingest[0m:[36m147[0m - [1m27_Vomitos.pdf → 5 chunks (ok)[0m
[32m2026-08-25 12:40:36.358[0m | [1mINFO    [0m | [36mpedibot.ingest.pipeline[0m:[36mrun_ingest[0m:[36m147[0m - [1macudir_urgencias.pdf → 3 chunks (ok)[0m
[32m2026-08-25 12:40:37.189[0m | [1mINFO    [0m | [36mpedibot.ingest.pipeline[0m:[36mrun_ingest[0m:[36m147[0m - [1m8_ACCIONES_NO_2020.pdf → 2 chunks (ok)[0m
[32m2026-08-25 12:40:37.986[0m | [1mINFO    [0m | [36mpedibot.ingest.pipeline[0m:[36mrun_ingest[0m:[36m147[0m - [1mguia_primeros_auxilios.pdf → 53 chunks (ok)[0m
[32m2026-08-25 12:40:38.132[0m | [1mINFO    [0m | [36mpedibot.ingest.pipeline[0m:[36mrun_ingest[0m:[36m147[0m - [1mrecomendaciones_aep_sobre_alimentacio_n_complementaria.pdf → 35 chunks (ok)[0m
[32m2026-08-25 12:40:39.048[0m | [1mINFO    [0m | [36mpedibot.ingest.pipeline[0m:[36mrun_ingest[0m:[36m147[0m - [1mAlimentacion_OMS.pdf → 154 chunks (ok)[0m
[32m2026-08-25 12:40:39.276[0m | [1mINFO    [0m | [36mpedibot.ingest.pipeline[0m:[36mrun_ingest[0m:[36m147[0m - [1mSedentarismo_OMS.pdf → 61 chunks (ok)[0m
[32m2026-08-25 12:40:39.473[0m | [1mINFO    [0m | [36mpedibot.ingest.pipeline[0m:[36mrun_ingest[0m:[36m147[0m - [1mAutismo_OMS.pdf → 43 chunks (ok)[0m
[32m2026-08-25 12:40:39.754[0m | [1mINFO    [0m | [36mpedibot.ingest.pipeline[0m:[36mrun_ingest[0m:[36m147[0m - [1mCalendarioVacunacion_Todalavida.pdf → 9 chunks (ok)[0m
[32m2026-08-25 12:40:40.360[0m | [1mINFO    [0m | [36mpedibot.ingest.pipeline[0m:[36mrun_ingest[0m:[36m147[0m - [1m3-cuidame_esp.pdf → 80 chunks (ok)[0m
[32m2026-08-25 12:40:43.568[0m | [1mINFO    [0m | [36mpedibot.ingest.pipeline[0m:[36mrun_ingest[0m:[36m147[0m - [1mGuia_Cuidame_comienzo_vida.pdf → 143 chunks (ok)[0m
[32m2026-08-25 12:40:43.642[0m | [1mINFO    [0m | [36mpedibot.ingest.pipeline[0m:[36mrun_ingest[0m:[36m147[0m - [1mcuidados_recien_nacido.pdf → 15 chunks (ok)[0m
[32m2026-08-25 12:40:46.410[0m | [1mINFO    [0m | [36mpedibot.ingest.pipeline[0m:[36mrun_ingest[0m:[36m147[0m - [1mECE101_version1.2.pdf → 658 chunks (ok)[0m
[32m2026-08-25 12:40:47.575[0m | [1mINFO    [0m | [36mpedibot.ingest.pipeline[0m:[36mrun_ingest[0m:[36m147[0m - [1mObesidad_AAP.pdf → 172 chunks (ok)[0m
[32m2026-08-25 12:40:47.892[0m | [1mINFO    [0m | [36mpedibot.ingest.pipeline[0m:[36mrun_ingest[0m:[36m147[0m - [1mHiperactividad_AAP.pdf → 27 chunks (ok)[0m
[32m2026-08-25 12:40:48.194[0m | [1mINFO    [0m | [36mpedibot.ingest.pipeline[0m:[36mrun_ingest[0m:[36m147[0m - [1mSindromedown_AAP.pdf → 31 chunks (ok)[0m
[32m2026-08-25 12:40:51.846[0m | [1mINFO    [0m | [36mpedibot.ingest.pipeline[0m:[36mrun_ingest[0m:[36m147[0m - [1mneonatal_AAP.pdf → 12 chunks (ok)[0m
[32m2026-08-25 12:40:52.370[0m | [1mINFO    [0m | [36mpedibot.ingest.pipeline[0m:[36mrun_ingest[0m:[36m147[0m - [1mGuia_dosificacion_3_edicion.pdf → 92 chunks (ok)[0m
[32m2026-08-25 12:40:54.607[0m | [1mINFO    [0m | [36mpedibot.ingest.pipeline[0m:[36mrun_ingest[0m:[36m147[0m - [1mGuia_Antibiotico_Pediatria.pdf → 41 chunks (ok)[0m
[32m2026-08-25 12:41:05.070[0m | [1mINFO    [0m | [36mpedibot.ingest.pipeline[0m:[36mrun_ingest[0m:[36m147[0m - [1mManual-de-Pediatria.pdf → 926 chunks (ok)[0m
[32m2026-08-25 12:41:23.384[0m | [1mINFO    [0m | [36mpedibot.ingest.pipeline[0m:[36mrun_ingest[0m:[36m147[0m - [1mcub-ch-20-01-guideline-2016-esp-pediatria-completo.pdf → 2056 chunks (ok)[0m
[32m2026-08-25 12:43:08.419[0m | [1mINFO    [0m | [36mpedibot.ingest.pipeline[0m:[36mrun_ingest[0m:[36m147[0m - [1mlas_50_principales_consultas.pdf → 0 chunks (no_text)[0m
[32m2026-08-25 12:43:08.465[0m | [1mINFO    [0m | [36mpedibot.ingest.pipeline[0m:[36mrun_ingest[0m:[36m147[0m - [1mnhs_en_fever_in_children.html → 3 chunks (ok)[0m
[32m2026-08-25 12:43:08.492[0m | [1mINFO    [0m | [36mpedibot.ingest.pipeline[0m:[36mrun_ingest[0m:[36m147[0m - [1mnhs_en_bronchiolitis.html → 7 chunks (ok)[0m
[32m2026-08-25 12:43:08.500[0m | [1mINFO    [0m | [36mpedibot.ingest.pipeline[0m:[36mrun_ingest[0m:[36m147[0m - [1mnhs_en_croup.html → 4 chunks (ok)[0m
[32m2026-08-25 12:43:08.530[0m | [1mINFO    [0m | [36mpedibot.ingest.pipeline[0m:[36mrun_ingest[0m:[36m147[0m - [1mnhs_en_febrile_seizures.html → 5 chunks (ok)[0m
[32m2026-08-25 12:43:08.551[0m | [1mINFO    [0m | [36mpedibot.ingest.pipeline[0m:[36mrun_ingest[0m:[36m147[0m - [1mnhs_en_head_injury_and_concussion.html → 3 chunks (ok)[0m
[32m2026-08-25 12:43:08.578[0m | [1mINFO    [0m | [36mpedibot.ingest.pipeline[0m:[36mrun_ingest[0m:[36m147[0m - [1mnhs_en_diarrhoea_and_vomiting.html → 5 chunks (ok)[0m
[32m2026-08-25 12:43:08.598[0m | [1mINFO    [0m | [36mpedibot.ingest.pipeline[0m:[36mrun_ingest[0m:[36m147[0m - [1mnhs_en_constipation.html → 8 chunks (ok)[0m
[32m2026-08-25 12:43:08.619[0m | [1mINFO    [0m | [36mpedibot.ingest.pipeline[0m:[36mrun_ingest[0m:[36m147[0m - [1mnhs_en_dehydration.html → 7 chunks (ok)[0m
[32m2026-08-25 12:43:08.651[0m | [1mINFO    [0m | [36mpedibot.ingest.pipeline[0m:[36mrun_ingest[0m:[36m147[0m - [1mnhs_en_norovirus.html → 7 chunks (ok)[0m
[32m2026-08-25 12:43:08.694[0m | [1mINFO    [0m | [36mpedibot.ingest.pipeline[0m:[36mrun_ingest[0m:[36m147[0m - [1mnhs_en_chickenpox.html → 8 chunks (ok)[0m
[32m2026-08-25 12:43:08.718[0m | [1mINFO    [0m | [36mpedibot.ingest.pipeline[0m:[36mrun_ingest[0m:[36m147[0m - [1mnhs_en_hand_foot_mouth_disease.html → 8 chunks (ok)[0m
[32m2026-08-25 12:43:08.747[0m | [1mINFO    [0m | [36mpedibot.ingest.pipeline[0m:[36mrun_ingest[0m:[36m147[0m - [1mnhs_en_meningitis.html → 7 chunks (ok)[0m
[32m2026-08-25 12:43:08.776[0m | [1mINFO    [0m | [36mpedibot.ingest.pipeline[0m:[36mrun_ingest[0m:[36m147[0m - [1mnhs_en_sepsis.html → 10 chunks (ok)[0m
[32m2026-08-25 12:43:08.942[0m | [1mINFO    [0m | [36mpedibot.ingest.pipeline[0m:[36mrun_ingest[0m:[36m147[0m - [1mnhs_en_rashes_babies_and_children.html → 39 chunks (ok)[0m
[32m2026-08-25 12:43:08.957[0m | [1mINFO    [0m | [36mpedibot.ingest.pipeline[0m:[36mrun_ingest[0m:[36m147[0m - [1mnhs_en_colic.html → 6 chunks (ok)[0m
[32m2026-08-25 12:43:08.982[0m | [1mINFO    [0m | [36mpedibot.ingest.pipeline[0m:[36mrun_ingest[0m:[36m147[0m - [1mnhs_en_reflux_in_babies.html → 5 chunks (ok)[0m
[32m2026-08-25 12:43:08.999[0m | [1mINFO    [0m | [36mpedibot.ingest.pipeline[0m:[36mrun_ingest[0m:[36m147[0m - [1mnhs_en_baby_teething_symptoms.html → 3 chunks (ok)[0m
[32m2026-08-25 12:43:09.026[0m | [1mINFO    [0m | [36mpedibot.ingest.pipeline[0m:[36mrun_ingest[0m:[36m147[0m - [1mnhs_en_ear_infections.html → 6 chunks (ok)[0m
[32m2026-08-25 12:43:09.049[0m | [1mINFO    [0m | [36mpedibot.ingest.pipeline[0m:[36mrun_ingest[0m:[36m147[0m - [1mnhs_en_glue_ear.html → 5 chunks (ok)[0m
[32m2026-08-25 12:43:09.071[0m | [1mINFO    [0m | [36mpedibot.ingest.pipeline[0m:[36mrun_ingest[0m:[36m147[0m - [1mnhs_en_sore_throat.html → 5 chunks (ok)[0m
[32m2026-08-25 12:43:09.096[0m | [1mINFO    [0m | [36mpedibot.ingest.pipeline[0m:[36mrun_ingest[0m:[36m147[0m - [1mnhs_en_tonsillitis.html → 7 chunks (ok)[0m
[32m2026-08-25 12:43:09.118[0m | [1mINFO    [0m | [36mpedibot.ingest.pipeline[0m:[36mrun_ingest[0m:[36m147[0m - [1mnhs_en_scarlet_fever.html → 7 chunks (ok)[0m
[32m2026-08-25 12:43:09.138[0m | [1mINFO    [0m | [36mpedibot.ingest.pipeline[0m:[36mrun_ingest[0m:[36m147[0m - [1mnhs_en_slapped_cheek_syndrome.html → 4 chunks (ok)[0m
[32m2026-08-25 12:43:09.164[0m | [1mINFO    [0m | [36mpedibot.ingest.pipeline[0m:[36mrun_ingest[0m:[36m147[0m - [1mnhs_en_impetigo.html → 6 chunks (ok)[0m
[32m2026-08-25 12:43:09.184[0m | [1mINFO    [0m | [36mpedibot.ingest.pipeline[0m:[36mrun_ingest[0m:[36m147[0m - [1mnhs_en_molluscum_contagiosum.html → 3 chunks (ok)[0m
[32m2026-08-25 12:43:09.205[0m | [1mINFO    [0m | [36mpedibot.ingest.pipeline[0m:[36mrun_ingest[0m:[36m147[0m - [1mnhs_en_roseola.html → 4 chunks (ok)[0m
[32m2026-08-25 12:43:09.218[0m | [1mINFO    [0m | [36mpedibot.ingest.pipeline[0m:[36mrun_ingest[0m:[36m147[0m - [1mnhs_en_threadworms.html → 4 chunks (ok)[0m
[32m2026-08-25 12:43:09.257[0m | [1mINFO    [0m | [36mpedibot.ingest.pipeline[0m:[36mrun_ingest[0m:[36m147[0m - [1mnhs_en_urinary_tract_infections_utis.html → 11 chunks (ok)[0m
[32m2026-08-25 12:43:09.269[0m | [1mINFO    [0m | [36mpedibot.ingest.pipeline[0m:[36mrun_ingest[0m:[36m147[0m - [1mnhs_en_burns_and_scalds.html → 4 chunks (ok)[0m
[32m2026-08-25 12:43:09.294[0m | [1mINFO    [0m | [36mpedibot.ingest.pipeline[0m:[36mrun_ingest[0m:[36m147[0m - [1mnhs_en_poisoning.html → 6 chunks (ok)[0m
[32m2026-08-25 12:43:09.329[0m | [1mINFO    [0m | [36mpedibot.ingest.pipeline[0m:[36mrun_ingest[0m:[36m147[0m - [1mnhs_en_asthma.html → 12 chunks (ok)[0m
[32m2026-08-25 12:43:09.356[0m | [1mINFO    [0m | [36mpedibot.ingest.pipeline[0m:[36mrun_ingest[0m:[36m147[0m - [1mnhs_en_respiratory_syncytial_virus_rsv.html → 9 chunks (ok)[0m
[32m2026-08-25 12:43:09.378[0m | [1mINFO    [0m | [36mpedibot.ingest.pipeline[0m:[36mrun_ingest[0m:[36m147[0m - [1mnhs_en_pneumonia.html → 6 chunks (ok)[0m
[32m2026-08-25 12:43:09.405[0m | [1mINFO    [0m | [36mpedibot.ingest.pipeline[0m:[36mrun_ingest[0m:[36m147[0m - [1mnhs_en_flu.html → 5 chunks (ok)[0m
[32m2026-08-25 12:43:09.430[0m | [1mINFO    [0m | [36mpedibot.ingest.pipeline[0m:[36mrun_ingest[0m:[36m147[0m - [1mnhs_en_whooping_cough.html → 6 chunks (ok)[0m
[32m2026-08-25 12:43:09.459[0m | [1mINFO    [0m | [36mpedibot.ingest.pipeline[0m:[36mrun_ingest[0m:[36m147[0m - [1mnhs_en_measles.html → 7 chunks (ok)[0m
[32m2026-08-25 12:43:09.473[0m | [1mINFO    [0m | [36mpedibot.ingest.pipeline[0m:[36mrun_ingest[0m:[36m147[0m - [1mnhs_en_mumps.html → 7 chunks (ok)[0m
[32m2026-08-25 12:43:09.523[0m | [1mINFO    [0m | [36mpedibot.ingest.pipeline[0m:[36mrun_ingest[0m:[36m147[0m - [1mnhs_en_nhs_vaccinations_and_when_to_have_them.html → 4 chunks (ok)[0m
[32m2026-08-25 12:43:09.565[0m | [1mINFO    [0m | [36mpedibot.ingest.pipeline[0m:[36mrun_ingest[0m:[36m147[0m - [1mnhs_en_babys_first_solid_foods.html → 16 chunks (ok)[0m
[32m2026-08-25 12:43:09.577[0m | [1mINFO    [0m | [36mpedibot.ingest.pipeline[0m:[36mrun_ingest[0m:[36m147[0m - [1mnhs_en_caring_for_a_newborn.html → 1 chunks (ok)[0m
[32m2026-08-25 12:43:09.602[0m | [1mINFO    [0m | [36mpedibot.ingest.pipeline[0m:[36mrun_ingest[0m:[36m147[0m - [1mnhs_en_anaphylaxis.html → 5 chunks (ok)[0m
[32m2026-08-25 12:43:09.656[0m | [1mINFO    [0m | [36mpedibot.ingest.pipeline[0m:[36mrun_ingest[0m:[36m147[0m - [1mnhs_en_food_allergy.html → 8 chunks (ok)[0m
[32m2026-08-25 12:43:09.687[0m | [1mINFO    [0m | [36mpedibot.ingest.pipeline[0m:[36mrun_ingest[0m:[36m147[0m - [1mnhs_en_hives.html → 4 chunks (ok)[0m
[32m2026-08-25 12:43:09.707[0m | [1mINFO    [0m | [36mpedibot.ingest.pipeline[0m:[36mrun_ingest[0m:[36m147[0m - [1mnhs_en_conjunctivitis.html → 4 chunks (ok)[0m
[32m2026-08-25 12:43:09.728[0m | [1mINFO    [0m | [36mpedibot.ingest.pipeline[0m:[36mrun_ingest[0m:[36m147[0m - [1mnhs_en_nosebleed.html → 5 chunks (ok)[0m
[32m2026-08-25 12:43:09.745[0m | [1mINFO    [0m | [36mpedibot.ingest.pipeline[0m:[36mrun_ingest[0m:[36m147[0m - [1mnhs_en_heat_exhaustion_heatstroke.html → 5 chunks (ok)[0m
[32m2026-08-25 12:43:09.764[0m | [1mINFO    [0m | [36mpedibot.ingest.pipeline[0m:[36mrun_ingest[0m:[36m147[0m - [1mnhs_en_sunburn.html → 4 chunks (ok)[0m
[32m2026-08-25 12:43:09.795[0m | [1mINFO    [0m | [36mpedibot.ingest.pipeline[0m:[36mrun_ingest[0m:[36m147[0m - [1mnhs_en_insect_bites_and_stings.html → 4 chunks (ok)[0m
[32m2026-08-25 12:43:09.813[0m | [1mINFO    [0m | [36mpedibot.ingest.pipeline[0m:[36mrun_ingest[0m:[36m147[0m - [1mnhs_en_headaches_in_children.html → 4 chunks (ok)[0m
[32m2026-08-25 12:43:09.835[0m | [1mINFO    [0m | [36mpedibot.ingest.pipeline[0m:[36mrun_ingest[0m:[36m147[0m - [1mnhs_en_breath_holding_in_babies_and_children.html → 7 chunks (ok)[0m
[32m2026-08-25 12:43:09.851[0m | [1mINFO    [0m | [36mpedibot.ingest.pipeline[0m:[36mrun_ingest[0m:[36m147[0m - [1mnhs_en_head_lice_and_nits.html → 4 chunks (ok)[0m
[32m2026-08-25 12:43:09.871[0m | [1mINFO    [0m | [36mpedibot.ingest.pipeline[0m:[36mrun_ingest[0m:[36m147[0m - [1mnhs_en_bedwetting.html → 5 chunks (ok)[0m
[32m2026-08-25 12:43:09.884[0m | [1mINFO    [0m | [36mpedibot.ingest.pipeline[0m:[36mrun_ingest[0m:[36m147[0m - [1mnhs_en_growing_pains.html → 3 chunks (ok)[0m
[32m2026-08-25 12:43:09.913[0m | [1mINFO    [0m | [36mpedibot.ingest.pipeline[0m:[36mrun_ingest[0m:[36m147[0m - [1mnhs_en_cradle_cap.html → 5 chunks (ok)[0m
[32m2026-08-25 12:43:09.940[0m | [1mINFO    [0m | [36mpedibot.ingest.pipeline[0m:[36mrun_ingest[0m:[36m147[0m - [1mnhs_en_paracetamol_for_children.html → 12 chunks (ok)[0m
[32m2026-08-25 12:43:09.948[0m | [1mINFO    [0m | [36mpedibot.ingest.pipeline[0m:[36mrun_ingest[0m:[36m147[0m - [1mnhs_en_ibuprofen_for_children.html → 1 chunks (ok)[0m
[32m2026-08-25 12:43:09.985[0m | [1mINFO    [0m | [36mpedibot.ingest.pipeline[0m:[36mrun_ingest[0m:[36m147[0m - [1mmlp_en_fever.html → 1 chunks (ok)[0m
[32m2026-08-25 12:43:10.015[0m | [1mINFO    [0m | [36mpedibot.ingest.pipeline[0m:[36mrun_ingest[0m:[36m147[0m - [1mmlp_en_commoncold.html → 4 chunks (ok)[0m
[32m2026-08-25 12:43:10.049[0m | [1mINFO    [0m | [36mpedibot.ingest.pipeline[0m:[36mrun_ingest[0m:[36m147[0m - [1mmlp_en_cough.html → 1 chunks (ok)[0m
[32m2026-08-25 12:43:10.068[0m | [1mINFO    [0m | [36mpedibot.ingest.pipeline[0m:[36mrun_ingest[0m:[36m147[0m - [1mmlp_en_croup.html → 1 chunks (ok)[0m
[32m2026-08-25 12:43:10.106[0m | [1mINFO    [0m | [36mpedibot.ingest.pipeline[0m:[36mrun_ingest[0m:[36m147[0m - [1mmlp_en_gastroenteritis.html → 4 chunks (ok)[0m
[32m2026-08-25 12:43:10.146[0m | [1mINFO    [0m | [36mpedibot.ingest.pipeline[0m:[36mrun_ingest[0m:[36m147[0m - [1mmlp_en_diarrhea.html → 8 chunks (ok)[0m
[32m2026-08-25 12:43:10.176[0m | [1mINFO    [0m | [36mpedibot.ingest.pipeline[0m:[36mrun_ingest[0m:[36m147[0m - [1mmlp_en_dehydration.html → 6 chunks (ok)[0m
[32m2026-08-25 12:43:10.204[0m | [1mINFO    [0m | [36mpedibot.ingest.pipeline[0m:[36mrun_ingest[0m:[36m147[0m - [1mmlp_en_constipation.html → 1 chunks (ok)[0m
[32m2026-08-25 12:43:10.236[0m | [1mINFO    [0m | [36mpedibot.ingest.pipeline[0m:[36mrun_ingest[0m:[36m147[0m - [1mmlp_en_seizures.html → 1 chunks (ok)[0m
[32m2026-08-25 12:43:10.261[0m | [1mINFO    [0m | [36mpedibot.ingest.pipeline[0m:[36mrun_ingest[0m:[36m147[0m - [1mmlp_en_headinjuries.html → 1 chunks (ok)[0m
[32m2026-08-25 12:43:10.294[0m | [1mINFO    [0m | [36mpedibot.ingest.pipeline[0m:[36mrun_ingest[0m:[36m147[0m - [1mmlp_en_concussion.html → 1 chunks (ok)[0m
[32m2026-08-25 12:43:10.321[0m | [1mINFO    [0m | [36mpedibot.ingest.pipeline[0m:[36mrun_ingest[0m:[36m147[0m - [1mmlp_en_choking.html → 1 chunks (ok)[0m
[32m2026-08-25 12:43:10.389[0m | [1mINFO    [0m | [36mpedibot.ingest.pipeline[0m:[36mrun_ingest[0m:[36m147[0m - [1mmlp_en_burns.html → 1 chunks (ok)[0m
[32m2026-08-25 12:43:10.420[0m | [1mINFO    [0m | [36mpedibot.ingest.pipeline[0m:[36mrun_ingest[0m:[36m147[0m - [1mmlp_en_poisoning.html → 1 chunks (ok)[0m
[32m2026-08-25 12:43:10.449[0m | [1mINFO    [0m | [36mpedibot.ingest.pipeline[0m:[36mrun_ingest[0m:[36m147[0m - [1mmlp_en_infantandnewborncare.html → 1 chunks (ok)[0m
[32m2026-08-25 12:43:10.480[0m | [1mINFO    [0m | [36mpedibot.ingest.pipeline[0m:[36mrun_ingest[0m:[36m147[0m - [1mmlp_en_infantandnewbornnutrition.html → 1 chunks (ok)[0m
[32m2026-08-25 12:43:10.514[0m | [1mINFO    [0m | [36mpedibot.ingest.pipeline[0m:[36mrun_ingest[0m:[36m147[0m - [1mmlp_en_breastfeeding.html → 1 chunks (ok)[0m
[32m2026-08-25 12:43:10.544[0m | [1mINFO    [0m | [36mpedibot.ingest.pipeline[0m:[36mrun_ingest[0m:[36m147[0m - [1mmlp_en_childdevelopment.html → 1 chunks (ok)[0m
[32m2026-08-25 12:43:10.580[0m | [1mINFO    [0m | [36mpedibot.ingest.pipeline[0m:[36mrun_ingest[0m:[36m147[0m - [1mmlp_en_childhoodimmunization.html → 5 chunks (ok)[0m
[32m2026-08-25 12:43:10.615[0m | [1mINFO    [0m | [36mpedibot.ingest.pipeline[0m:[36mrun_ingest[0m:[36m147[0m - [1mmlp_en_earinfections.html → 1 chunks (ok)[0m
[32m2026-08-25 12:43:10.638[0m | [1mINFO    [0m | [36mpedibot.ingest.pipeline[0m:[36mrun_ingest[0m:[36m147[0m - [1mmlp_en_sorethroat.html → 1 chunks (ok)[0m
[32m2026-08-25 12:43:10.672[0m | [1mINFO    [0m | [36mpedibot.ingest.pipeline[0m:[36mrun_ingest[0m:[36m147[0m - [1mmlp_en_chickenpox.html → 1 chunks (ok)[0m
[32m2026-08-25 12:43:10.704[0m | [1mINFO    [0m | [36mpedibot.ingest.pipeline[0m:[36mrun_ingest[0m:[36m147[0m - [1mmlp_en_rashes.html → 1 chunks (ok)[0m
[32m2026-08-25 12:43:10.756[0m | [1mINFO    [0m | [36mpedibot.ingest.pipeline[0m:[36mrun_ingest[0m:[36m147[0m - [1mmlp_en_asthmainchildren.html → 7 chunks (ok)[0m
[32m2026-08-25 12:43:10.789[0m | [1mINFO    [0m | [36mpedibot.ingest.pipeline[0m:[36mrun_ingest[0m:[36m147[0m - [1mmlp_en_toddlerhealth.html → 1 chunks (ok)[0m
[32m2026-08-25 12:43:10.812[0m | [1mINFO    [0m | [36mpedibot.ingest.pipeline[0m:[36mrun_ingest[0m:[36m147[0m - [1mmlp_en_childsafety.html → 1 chunks (ok)[0m
[32m2026-08-25 12:43:10.846[0m | [1mINFO    [0m | [36mpedibot.ingest.pipeline[0m:[36mrun_ingest[0m:[36m147[0m - [1mmlp_en_heatillness.html → 1 chunks (ok)[0m
[32m2026-08-25 12:43:10.889[0m | [1mINFO    [0m | [36mpedibot.ingest.pipeline[0m:[36mrun_ingest[0m:[36m147[0m - [1mmlp_en_foodallergy.html → 5 chunks (ok)[0m
[32m2026-08-25 12:43:10.971[0m | [1mINFO    [0m | [36mpedibot.ingest.pipeline[0m:[36mrun_ingest[0m:[36m147[0m - [1mmlp_en_allergy.html → 1 chunks (ok)[0m
[32m2026-08-25 12:43:11.013[0m | [1mINFO    [0m | [36mpedibot.ingest.pipeline[0m:[36mrun_ingest[0m:[36m147[0m - [1mmlp_en_pneumonia.html → 7 chunks (ok)[0m
[32m2026-08-25 12:43:11.047[0m | [1mINFO    [0m | [36mpedibot.ingest.pipeline[0m:[36mrun_ingest[0m:[36m147[0m - [1mmlp_en_whoopingcough.html → 6 chunks (ok)[0m
[32m2026-08-25 12:43:11.078[0m | [1mINFO    [0m | [36mpedibot.ingest.pipeline[0m:[36mrun_ingest[0m:[36m147[0m - [1mmlp_en_measles.html → 1 chunks (ok)[0m
[32m2026-08-25 12:43:11.115[0m | [1mINFO    [0m | [36mpedibot.ingest.pipeline[0m:[36mrun_ingest[0m:[36m147[0m - [1mmlp_en_meningitis.html → 1 chunks (ok)[0m
[32m2026-08-25 12:43:11.146[0m | [1mINFO    [0m | [36mpedibot.ingest.pipeline[0m:[36mrun_ingest[0m:[36m147[0m - [1mmlp_en_urinarytractinfections.html → 1 chunks (ok)[0m
[32m2026-08-25 12:43:11.181[0m | [1mINFO    [0m | [36mpedibot.ingest.pipeline[0m:[36mrun_ingest[0m:[36m147[0m - [1mmlp_en_eczema.html → 1 chunks (ok)[0m
[32m2026-08-25 12:43:11.204[0m | [1mINFO    [0m | [36mpedibot.ingest.pipeline[0m:[36mrun_ingest[0m:[36m147[0m - [1mmlp_en_pinkeye.html → 1 chunks (ok)[0m
[32m2026-08-25 12:43:11.232[0m | [1mINFO    [0m | [36mpedibot.ingest.pipeline[0m:[36mrun_ingest[0m:[36m147[0m - [1mmlp_en_headlice.html → 5 chunks (ok)[0m
[32m2026-08-25 12:43:11.262[0m | [1mINFO    [0m | [36mpedibot.ingest.pipeline[0m:[36mrun_ingest[0m:[36m147[0m - [1mmlp_en_sunexposure.html → 1 chunks (ok)[0m
[32m2026-08-25 12:43:11.297[0m | [1mINFO    [0m | [36mpedibot.ingest.pipeline[0m:[36mrun_ingest[0m:[36m147[0m - [1mmlp_en_insectbitesandstings.html → 1 chunks (ok)[0m
[32m2026-08-25 12:43:11.328[0m | [1mINFO    [0m | [36mpedibot.ingest.pipeline[0m:[36mrun_ingest[0m:[36m147[0m - [1mmlp_en_autismspectrumdisorder.html → 1 chunks (ok)[0m
[32m2026-08-25 12:43:11.372[0m | [1mINFO    [0m | [36mpedibot.ingest.pipeline[0m:[36mrun_ingest[0m:[36m147[0m - [1mmlp_en_teenmentalhealth.html → 1 chunks (ok)[0m
[32m2026-08-25 12:43:11.410[0m | [1mINFO    [0m | [36mpedibot.ingest.pipeline[0m:[36mrun_ingest[0m:[36m147[0m - [1mmlp_en_suicide.html → 4 chunks (ok)[0m
[32m2026-08-25 12:43:11.435[0m | [1mINFO    [0m | [36mpedibot.ingest.pipeline[0m:[36mrun_ingest[0m:[36m147[0m - [1mmlp_en_selfharm.html → 5 chunks (ok)[0m
[32m2026-08-25 12:43:11.486[0m | [1mINFO    [0m | [36mpedibot.ingest.pipeline[0m:[36mrun_ingest[0m:[36m147[0m - [1mmlp_en_eatingdisorders.html → 5 chunks (ok)[0m
[32m2026-08-25 12:43:11.516[0m | [1mINFO    [0m | [36mpedibot.ingest.pipeline[0m:[36mrun_ingest[0m:[36m147[0m - [1mmlp_en_childrenshealth.html → 1 chunks (ok)[0m
[32m2026-08-25 12:43:11.596[0m | [1mINFO    [0m | [36mpedibot.ingest.pipeline[0m:[36mrun_ingest[0m:[36m147[0m - [1mmlp_en_headache.html → 1 chunks (ok)[0m
[32m2026-08-25 12:43:11.623[0m | [1mINFO    [0m | [36mpedibot.ingest.pipeline[0m:[36mrun_ingest[0m:[36m147[0m - [1mmlp_en_fainting.html → 1 chunks (ok)[0m
[32m2026-08-25 12:43:11.646[0m | [1mINFO    [0m | [36mpedibot.ingest.pipeline[0m:[36mrun_ingest[0m:[36m147[0m - [1mmlp_en_impetigo.html → 1 chunks (ok)[0m
[32m2026-08-25 12:43:11.665[0m | [1mINFO    [0m | [36mpedibot.ingest.pipeline[0m:[36mrun_ingest[0m:[36m147[0m - [1mmlp_en_pinworms.html → 1 chunks (ok)[0m
[32m2026-08-25 12:43:11.689[0m | [1mINFO    [0m | [36mpedibot.ingest.pipeline[0m:[36mrun_ingest[0m:[36m147[0m - [1mmlp_en_bedwetting.html → 1 chunks (ok)[0m
[32m2026-08-25 12:43:11.714[0m | [1mINFO    [0m | [36mpedibot.ingest.pipeline[0m:[36mrun_ingest[0m:[36m147[0m - [1mmlp_es_fever.html → 1 chunks (ok)[0m
[32m2026-08-25 12:43:11.750[0m | [1mINFO    [0m | [36mpedibot.ingest.pipeline[0m:[36mrun_ingest[0m:[36m147[0m - [1mmlp_es_commoncold.html → 5 chunks (ok)[0m
[32m2026-08-25 12:43:11.765[0m | [1mINFO    [0m | [36mpedibot.ingest.pipeline[0m:[36mrun_ingest[0m:[36m147[0m - [1mmlp_es_croup.html → 1 chunks (ok)[0m
[32m2026-08-25 12:43:11.800[0m | [1mINFO    [0m | [36mpedibot.ingest.pipeline[0m:[36mrun_ingest[0m:[36m147[0m - [1mmlp_es_gastroenteritis.html → 5 chunks (ok)[0m
[32m2026-08-25 12:43:11.834[0m | [1mINFO    [0m | [36mpedibot.ingest.pipeline[0m:[36mrun_ingest[0m:[36m147[0m - [1mmlp_es_diarrhea.html → 8 chunks (ok)[0m
[32m2026-08-25 12:43:11.859[0m | [1mINFO    [0m | [36mpedibot.ingest.pipeline[0m:[36mrun_ingest[0m:[36m147[0m - [1mmlp_es_dehydration.html → 6 chunks (ok)[0m
[32m2026-08-25 12:43:11.884[0m | [1mINFO    [0m | [36mpedibot.ingest.pipeline[0m:[36mrun_ingest[0m:[36m147[0m - [1mmlp_es_headinjuries.html → 1 chunks (ok)[0m
[32m2026-08-25 12:43:11.900[0m | [1mINFO    [0m | [36mpedibot.ingest.pipeline[0m:[36mrun_ingest[0m:[36m147[0m - [1mmlp_es_choking.html → 1 chunks (ok)[0m
[32m2026-08-25 12:43:11.932[0m | [1mINFO    [0m | [36mpedibot.ingest.pipeline[0m:[36mrun_ingest[0m:[36m147[0m - [1mmlp_es_burns.html → 1 chunks (ok)[0m
[32m2026-08-25 12:43:11.965[0m | [1mINFO    [0m | [36mpedibot.ingest.pipeline[0m:[36mrun_ingest[0m:[36m147[0m - [1mmlp_es_poisoning.html → 1 chunks (ok)[0m
[32m2026-08-25 12:43:12.003[0m | [1mINFO    [0m | [36mpedibot.ingest.pipeline[0m:[36mrun_ingest[0m:[36m147[0m - [1mmlp_es_infantandnewborncare.html → 1 chunks (ok)[0m
[32m2026-08-25 12:43:12.013[0m | [1mINFO    [0m | [36mpedibot.ingest.pipeline[0m:[36mrun_ingest[0m:[36m147[0m - [1mmlp_es_infantandnewbornnutrition.html → 1 chunks (ok)[0m
[32m2026-08-25 12:43:12.054[0m | [1mINFO    [0m | [36mpedibot.ingest.pipeline[0m:[36mrun_ingest[0m:[36m147[0m - [1mmlp_es_breastfeeding.html → 1 chunks (ok)[0m
[32m2026-08-25 12:43:12.081[0m | [1mINFO    [0m | [36mpedibot.ingest.pipeline[0m:[36mrun_ingest[0m:[36m147[0m - [1mmlp_es_childhoodimmunization.html → 5 chunks (ok)[0m
[32m2026-08-25 12:43:12.119[0m | [1mINFO    [0m | [36mpedibot.ingest.pipeline[0m:[36mrun_ingest[0m:[36m147[0m - [1mmlp_es_earinfections.html → 1 chunks (ok)[0m
[32m2026-08-25 12:43:12.145[0m | [1mINFO    [0m | [36mpedibot.ingest.pipeline[0m:[36mrun_ingest[0m:[36m147[0m - [1mmlp_es_chickenpox.html → 1 chunks (ok)[0m
[32m2026-08-25 12:43:12.222[0m | [1mINFO    [0m | [36mpedibot.ingest.pipeline[0m:[36mrun_ingest[0m:[36m147[0m - [1mmlp_es_asthmainchildren.html → 7 chunks (ok)[0m
[32m2026-08-25 12:43:12.250[0m | [1mINFO    [0m | [36mpedibot.ingest.pipeline[0m:[36mrun_ingest[0m:[36m147[0m - [1mmlp_es_toddlerhealth.html → 1 chunks (ok)[0m
[32m2026-08-25 12:43:12.271[0m | [1mINFO    [0m | [36mpedibot.ingest.pipeline[0m:[36mrun_ingest[0m:[36m147[0m - [1mmlp_es_childsafety.html → 1 chunks (ok)[0m
[32m2026-08-25 12:43:12.297[0m | [1mINFO    [0m | [36mpedibot.ingest.pipeline[0m:[36mrun_ingest[0m:[36m147[0m - [1mmlp_es_heatillness.html → 1 chunks (ok)[0m
[32m2026-08-25 12:43:12.323[0m | [1mINFO    [0m | [36mpedibot.ingest.pipeline[0m:[36mrun_ingest[0m:[36m147[0m - [1mmlp_es_measles.html → 1 chunks (ok)[0m
[32m2026-08-25 12:43:12.354[0m | [1mINFO    [0m | [36mpedibot.ingest.pipeline[0m:[36mrun_ingest[0m:[36m147[0m - [1mmlp_es_meningitis.html → 1 chunks (ok)[0m
[32m2026-08-25 12:43:12.388[0m | [1mINFO    [0m | [36mpedibot.ingest.pipeline[0m:[36mrun_ingest[0m:[36m147[0m - [1mmlp_es_teenmentalhealth.html → 1 chunks (ok)[0m
[32m2026-08-25 12:43:12.419[0m | [1mINFO    [0m | [36mpedibot.ingest.pipeline[0m:[36mrun_ingest[0m:[36m147[0m - [1mmlp_es_childrenshealth.html → 1 chunks (ok)[0m
[32m2026-08-25 12:43:12.487[0m | [1mINFO    [0m | [36mpedibot.ingest.pipeline[0m:[36mrun_ingest[0m:[36m147[0m - [1mcdc_en_child_easyread.html → 5 chunks (ok)[0m
[32m2026-08-25 12:43:12.523[0m | [1mINFO    [0m | [36mpedibot.ingest.pipeline[0m:[36mrun_ingest[0m:[36m147[0m - [1mcdc_en_rsv_about_index.html → 3 chunks (ok)[0m
[32m2026-08-25 12:43:12.559[0m | [1mINFO    [0m | [36mpedibot.ingest.pipeline[0m:[36mrun_ingest[0m:[36m147[0m - [1mcdc_en_rsv_infants_young_children_index.html → 6 chunks (ok)[0m
[32m2026-08-25 12:43:12.594[0m | [1mINFO    [0m | [36mpedibot.ingest.pipeline[0m:[36mrun_ingest[0m:[36m147[0m - [1mcdc_en_hand_foot_mouth_about_index.html → 6 chunks (ok)[0m
[32m2026-08-25 12:43:12.647[0m | [1mINFO    [0m | [36mpedibot.ingest.pipeline[0m:[36mrun_ingest[0m:[36m147[0m - [1mcdc_en_children.html → 7 chunks (ok)[0m
[32m2026-08-25 12:43:12.693[0m | [1mINFO    [0m | [36mpedibot.ingest.pipeline[0m:[36mrun_ingest[0m:[36m147[0m - [1mcdc_en_heads_up_about_index.html → 4 chunks (ok)[0m
[32m2026-08-25 12:43:12.731[0m | [1mINFO    [0m | [36mpedibot.ingest.pipeline[0m:[36mrun_ingest[0m:[36m147[0m - [1mcdc_en_heads_up_signs_symptoms_index.html → 4 chunks (ok)[0m
[32m2026-08-25 12:43:12.778[0m | [1mINFO    [0m | [36mpedibot.ingest.pipeline[0m:[36mrun_ingest[0m:[36m147[0m - [1mcdc_en_act_early_milestones_index.html → 3 chunks (ok)[0m
[32m2026-08-25 12:43:12.860[0m | [1mINFO    [0m | [36mpedibot.ingest.pipeline[0m:[36mrun_ingest[0m:[36m147[0m - [1mcdc_en_drowning_prevention_index.html → 9 chunks (ok)[0m
[32m2026-08-25 12:43:12.895[0m | [1mINFO    [0m | [36mpedibot.ingest.pipeline[0m:[36mrun_ingest[0m:[36m147[0m - [1mcdc_en_infant_toddler_nutrition_index.html → 2 chunks (ok)[0m
[32m2026-08-25 12:43:12.922[0m | [1mINFO    [0m | [36mpedibot.ingest.pipeline[0m:[36mrun_ingest[0m:[36m147[0m - [1mcdc_en_child_development_positive_parenting_tips_index.html → 1 chunks (ok)[0m
[32m2026-08-25 12:43:12.961[0m | [1mINFO    [0m | [36mpedibot.ingest.pipeline[0m:[36mrun_ingest[0m:[36m147[0m - [1mcdc_en_rotavirus_about_index.html → 5 chunks (ok)[0m
[32m2026-08-25 12:43:13.001[0m | [1mINFO    [0m | [36mpedibot.ingest.pipeline[0m:[36mrun_ingest[0m:[36m147[0m - [1mcdc_en_norovirus_about_index.html → 8 chunks (ok)[0m
[32m2026-08-25 12:43:13.036[0m | [1mINFO    [0m | [36mpedibot.ingest.pipeline[0m:[36mrun_ingest[0m:[36m147[0m - [1mcdc_en_pertussis_about_index.html → 8 chunks (ok)[0m
[32m2026-08-25 12:43:13.085[0m | [1mINFO    [0m | [36mpedibot.ingest.pipeline[0m:[36mrun_ingest[0m:[36m147[0m - [1mcdc_en_measles_signs_symptoms_index.html → 7 chunks (ok)[0m
[32m2026-08-25 12:43:13.123[0m | [1mINFO    [0m | [36mpedibot.ingest.pipeline[0m:[36mrun_ingest[0m:[36m147[0m - [1mcdc_en_chickenpox_about_index.html → 8 chunks (ok)[0m
[32m2026-08-25 12:43:13.155[0m | [1mINFO    [0m | [36mpedibot.ingest.pipeline[0m:[36mrun_ingest[0m:[36m147[0m - [1mcdc_en_lice_about_index.html → 2 chunks (ok)[0m
[32m2026-08-25 12:43:13.196[0m | [1mINFO    [0m | [36mpedibot.ingest.pipeline[0m:[36mrun_ingest[0m:[36m147[0m - [1mcdc_en_ear_infection.html → 8 chunks (ok)[0m
[32m2026-08-25 12:43:13.229[0m | [1mINFO    [0m | [36mpedibot.ingest.pipeline[0m:[36mrun_ingest[0m:[36m147[0m - [1mcdc_en_colds.html → 6 chunks (ok)[0m
[32m2026-08-25 12:43:13.279[0m | [1mINFO    [0m | [36mpedibot.ingest.pipeline[0m:[36mrun_ingest[0m:[36m147[0m - [1mwho_en_infant_and_young_child_feeding.html → 6 chunks (ok)[0m
[32m2026-08-25 12:43:13.328[0m | [1mINFO    [0m | [36mpedibot.ingest.pipeline[0m:[36mrun_ingest[0m:[36m147[0m - [1mwho_es_infant_and_young_child_feeding.html → 7 chunks (ok)[0m
[32m2026-08-25 12:43:13.382[0m | [1mINFO    [0m | [36mpedibot.ingest.pipeline[0m:[36mrun_ingest[0m:[36m147[0m - [1mwho_en_diarrhoeal_disease.html → 7 chunks (ok)[0m
[32m2026-08-25 12:43:13.428[0m | [1mINFO    [0m | [36mpedibot.ingest.pipeline[0m:[36mrun_ingest[0m:[36m147[0m - [1mwho_es_diarrhoeal_disease.html → 7 chunks (ok)[0m
[32m2026-08-25 12:43:13.476[0m | [1mINFO    [0m | [36mpedibot.ingest.pipeline[0m:[36mrun_ingest[0m:[36m147[0m - [1mwho_en_pneumonia.html → 8 chunks (ok)[0m
[32m2026-08-25 12:43:13.563[0m | [1mINFO    [0m | [36mpedibot.ingest.pipeline[0m:[36mrun_ingest[0m:[36m147[0m - [1mwho_es_pneumonia.html → 9 chunks (ok)[0m
[32m2026-08-25 12:43:13.617[0m | [1mINFO    [0m | [36mpedibot.ingest.pipeline[0m:[36mrun_ingest[0m:[36m147[0m - [1mwho_en_measles.html → 9 chunks (ok)[0m
[32m2026-08-25 12:43:13.664[0m | [1mINFO    [0m | [36mpedibot.ingest.pipeline[0m:[36mrun_ingest[0m:[36m147[0m - [1mwho_es_measles.html → 9 chunks (ok)[0m
[32m2026-08-25 12:43:13.715[0m | [1mINFO    [0m | [36mpedibot.ingest.pipeline[0m:[36mrun_ingest[0m:[36m147[0m - [1mwho_en_immunization_coverage.html → 8 chunks (ok)[0m
[32m2026-08-25 12:43:13.760[0m | [1mINFO    [0m | [36mpedibot.ingest.pipeline[0m:[36mrun_ingest[0m:[36m147[0m - [1mwho_es_immunization_coverage.html → 9 chunks (ok)[0m
[32m2026-08-25 12:43:13.812[0m | [1mINFO    [0m | [36mpedibot.ingest.pipeline[0m:[36mrun_ingest[0m:[36m147[0m - [1mwho_en_malnutrition.html → 9 chunks (ok)[0m
[32m2026-08-25 12:43:13.863[0m | [1mINFO    [0m | [36mpedibot.ingest.pipeline[0m:[36mrun_ingest[0m:[36m147[0m - [1mwho_en_adolescent_mental_health.html → 12 chunks (ok)[0m
[32m2026-08-25 12:43:13.910[0m | [1mINFO    [0m | [36mpedibot.ingest.pipeline[0m:[36mrun_ingest[0m:[36m147[0m - [1mwho_es_adolescent_mental_health.html → 12 chunks (ok)[0m
[32m2026-08-25 12:43:13.968[0m | [1mINFO    [0m | [36mpedibot.ingest.pipeline[0m:[36mrun_ingest[0m:[36m147[0m - [1mwho_en_malaria.html → 10 chunks (ok)[0m
ingest: {'ok': 210, 'no_text': 1, 'skipped_excluded': 1}  → index\ingest_report.csv
  ! las_50_principales_consultas.pdf: no_text scanned or protected PDF — needs OCR
index: 5493 chunks → D:\Nicolas\pedibot\index\pedibot.db  {'chunks': 5493, 'docs': 210, 'red_flag': 161, 'dose': 278}
